2026-06-08T01:09:13  INFO      __main__ — Starting reconciliation run
2026-06-08T01:09:13  INFO      __main__ — APIs configured : 3
2026-06-08T01:09:13  INFO      __main__ — ALDS adapter    : rest
2026-06-08T01:09:13  INFO      __main__ — Concurrency     : 5
2026-06-08T01:09:13  INFO      alds_adapter — ALDS adapter: RestALDSAdapter
2026-06-08T01:09:13  INFO      __main__ — Spawned 6 endpoint task(s) (concurrency cap=5)
2026-06-08T01:09:13  INFO      reconciler — ═══ Reconciling [CustomerAPI › customers] ↔ ALDS[raw.customers] ═══
2026-06-08T01:09:13  INFO      api_client — [CustomerAPI › customers] Starting paginated fetch (page_limit=100)
2026-06-08T01:09:13  INFO      reconciler — ═══ Reconciling [CustomerAPI › customer_addresses] ↔ ALDS[raw.customer_addresses] ═══
2026-06-08T01:09:13  INFO      api_client — [CustomerAPI › customer_addresses] Starting paginated fetch (page_limit=200)
2026-06-08T01:09:13  INFO      reconciler — ═══ Reconciling [OrdersAPI › orders] ↔ ALDS[raw.orders] ═══
2026-06-08T01:09:13  INFO      api_client — [OrdersAPI › orders] Starting paginated fetch (page_limit=100)
2026-06-08T01:09:13  INFO      reconciler — ═══ Reconciling [OrdersAPI › order_items] ↔ ALDS[raw.order_items] ═══
2026-06-08T01:09:13  INFO      api_client — [OrdersAPI › order_items] Starting paginated fetch (page_limit=500)
2026-06-08T01:09:13  INFO      reconciler — ═══ Reconciling [InventoryAPI › products] ↔ ALDS[raw.products] ═══
2026-06-08T01:09:13  INFO      api_client — [InventoryAPI › products] Starting paginated fetch (page_limit=100)
2026-06-08T01:09:13  INFO      api_client — [CustomerAPI › customers] Page 1 fetched 100 records in 0.02s
2026-06-08T01:09:13  INFO      api_client — [CustomerAPI › customer_addresses] Page 1 fetched 200 records in 0.03s
2026-06-08T01:09:13  INFO      api_client — [OrdersAPI › orders] Page 1 fetched 100 records in 0.05s
2026-06-08T01:09:13  INFO      api_client — [OrdersAPI › order_items] Page 1 fetched 500 records in 0.08s
2026-06-08T01:09:13  INFO      api_client — [InventoryAPI › products] Page 1 fetched 100 records in 0.11s
2026-06-08T01:09:13  INFO      api_client — [CustomerAPI › customer_addresses] Page 2 fetched 200 records in 0.03s
2026-06-08T01:09:13  INFO      api_client — [InventoryAPI › products] Page 2 fetched 79 records in 0.02s
2026-06-08T01:09:13  INFO      api_client — [OrdersAPI › order_items] Page 2 fetched 399 records in 0.02s
2026-06-08T01:09:13  INFO      api_client — [CustomerAPI › customers] Page 2 fetched 100 records in 0.01s
2026-06-08T01:09:13  INFO      api_client — [OrdersAPI › orders] Page 2 fetched 100 records in 0.01s
2026-06-08T01:09:13  INFO      api_client — [InventoryAPI › products] Partial page (79 < 100) — last page reached
2026-06-08T01:09:13  INFO      api_client — [OrdersAPI › order_items] Partial page (399 < 500) — last page reached
2026-06-08T01:09:13  INFO      api_client — [CustomerAPI › customer_addresses] Page 3 fetched 118 records in 0.02s
2026-06-08T01:09:13  INFO      reconciler — ✅ CLEAN [InventoryAPI › products] pages=2 api_records=179 matched=179 field_mismatches=0 missing=0 extra=0 (0.2s)
2026-06-08T01:09:13  INFO      api_client — [CustomerAPI › customers] Page 3 fetched 100 records in 0.02s
2026-06-08T01:09:13  INFO      reconciler — ═══ Reconciling [InventoryAPI › warehouses] ↔ ALDS[raw.warehouses] ═══
2026-06-08T01:09:13  INFO      api_client — [InventoryAPI › warehouses] Starting paginated fetch (page_limit=50)
2026-06-08T01:09:13  INFO      reconciler — ✅ CLEAN [OrdersAPI › order_items] pages=2 api_records=899 matched=899 field_mismatches=0 missing=0 extra=0 (0.2s)
2026-06-08T01:09:13  INFO      api_client — [OrdersAPI › orders] Page 3 fetched 73 records in 0.01s
2026-06-08T01:09:13  INFO      api_client — [CustomerAPI › customers] Page 4 fetched 47 records in 0.00s
2026-06-08T01:09:13  INFO      api_client — [InventoryAPI › warehouses] Page 1 fetched 40 records in 0.01s
2026-06-08T01:09:13  INFO      api_client — [OrdersAPI › orders] Partial page (73 < 100) — last page reached
2026-06-08T01:09:13  INFO      api_client — [CustomerAPI › customers] Partial page (47 < 100) — last page reached
2026-06-08T01:09:13  INFO      api_client — [InventoryAPI › warehouses] Partial page (40 < 50) — last page reached
2026-06-08T01:09:13  INFO      api_client — [CustomerAPI › customer_addresses] Partial page (118 < 200) — last page reached
2026-06-08T01:09:13  INFO      reconciler — ✅ CLEAN [OrdersAPI › orders] pages=3 api_records=273 matched=273 field_mismatches=0 missing=0 extra=0 (0.2s)
2026-06-08T01:09:13  INFO      reconciler — ✅ CLEAN [CustomerAPI › customers] pages=4 api_records=347 matched=347 field_mismatches=0 missing=0 extra=0 (0.3s)
2026-06-08T01:09:13  INFO      reconciler — ✅ CLEAN [InventoryAPI › warehouses] pages=1 api_records=40 matched=40 field_mismatches=0 missing=0 extra=0 (0.0s)
2026-06-08T01:09:13  INFO      reconciler — ✅ CLEAN [CustomerAPI › customer_addresses] pages=3 api_records=518 matched=518 field_mismatches=0 missing=0 extra=0 (0.3s)
2026-06-08T01:09:13  INFO      reporter — Report directory: reports\reconciliation_20260607T193913Z
2026-06-08T01:09:13  INFO      reporter — All reports written to reports\reconciliation_20260607T193913Z
2026-06-08T01:09:59  INFO      __main__ — Starting reconciliation run
2026-06-08T01:09:59  INFO      __main__ — APIs configured : 3
2026-06-08T01:09:59  INFO      __main__ — ALDS adapter    : rest
2026-06-08T01:09:59  INFO      __main__ — Concurrency     : 5
2026-06-08T01:09:59  INFO      alds_adapter — ALDS adapter: RestALDSAdapter
2026-06-08T01:09:59  INFO      __main__ — Spawned 6 endpoint task(s) (concurrency cap=5)
2026-06-08T01:09:59  INFO      reconciler — ═══ Reconciling [CustomerAPI › customers] ↔ ALDS[raw.customers] ═══
2026-06-08T01:09:59  INFO      api_client — [CustomerAPI › customers] Starting paginated fetch (page_limit=100)
2026-06-08T01:09:59  INFO      reconciler — ═══ Reconciling [CustomerAPI › customer_addresses] ↔ ALDS[raw.customer_addresses] ═══
2026-06-08T01:09:59  INFO      api_client — [CustomerAPI › customer_addresses] Starting paginated fetch (page_limit=200)
2026-06-08T01:09:59  INFO      reconciler — ═══ Reconciling [OrdersAPI › orders] ↔ ALDS[raw.orders] ═══
2026-06-08T01:09:59  INFO      api_client — [OrdersAPI › orders] Starting paginated fetch (page_limit=100)
2026-06-08T01:09:59  INFO      reconciler — ═══ Reconciling [OrdersAPI › order_items] ↔ ALDS[raw.order_items] ═══
2026-06-08T01:09:59  INFO      api_client — [OrdersAPI › order_items] Starting paginated fetch (page_limit=500)
2026-06-08T01:09:59  INFO      reconciler — ═══ Reconciling [InventoryAPI › products] ↔ ALDS[raw.products] ═══
2026-06-08T01:09:59  INFO      api_client — [InventoryAPI › products] Starting paginated fetch (page_limit=100)
2026-06-08T01:09:59  INFO      api_client — [CustomerAPI › customers] Page 1 fetched 100 records in 0.01s
2026-06-08T01:09:59  INFO      api_client — [CustomerAPI › customer_addresses] Page 1 fetched 200 records in 0.02s
2026-06-08T01:09:59  INFO      api_client — [OrdersAPI › orders] Page 1 fetched 100 records in 0.04s
2026-06-08T01:09:59  INFO      api_client — [OrdersAPI › order_items] Page 1 fetched 500 records in 0.06s
2026-06-08T01:09:59  INFO      api_client — [InventoryAPI › products] Page 1 fetched 100 records in 0.08s
2026-06-08T01:09:59  INFO      api_client — [CustomerAPI › customer_addresses] Page 2 fetched 200 records in 0.00s
2026-06-08T01:09:59  INFO      api_client — [OrdersAPI › order_items] Page 2 fetched 399 records in 0.01s
2026-06-08T01:09:59  INFO      api_client — [InventoryAPI › products] Page 2 fetched 79 records in 0.01s
2026-06-08T01:09:59  INFO      api_client — [CustomerAPI › customers] Page 2 fetched 100 records in 0.01s
2026-06-08T01:09:59  INFO      api_client — [OrdersAPI › orders] Page 2 fetched 100 records in 0.01s
2026-06-08T01:09:59  INFO      api_client — [CustomerAPI › customer_addresses] Page 3 fetched 118 records in 0.01s
2026-06-08T01:09:59  INFO      api_client — [OrdersAPI › order_items] Partial page (399 < 500) — last page reached
2026-06-08T01:09:59  INFO      api_client — [InventoryAPI › products] Partial page (79 < 100) — last page reached
2026-06-08T01:09:59  INFO      reconciler — ✅ CLEAN [OrdersAPI › order_items] pages=2 api_records=899 matched=899 field_mismatches=0 missing=0 extra=0 (0.2s)
2026-06-08T01:09:59  INFO      reconciler — ✅ CLEAN [InventoryAPI › products] pages=2 api_records=179 matched=179 field_mismatches=0 missing=0 extra=0 (0.2s)
2026-06-08T01:09:59  INFO      api_client — [CustomerAPI › customers] Page 3 fetched 100 records in 0.01s
2026-06-08T01:09:59  INFO      reconciler — ═══ Reconciling [InventoryAPI › warehouses] ↔ ALDS[raw.warehouses] ═══
2026-06-08T01:09:59  INFO      api_client — [InventoryAPI › warehouses] Starting paginated fetch (page_limit=50)
2026-06-08T01:09:59  INFO      api_client — [CustomerAPI › customer_addresses] Partial page (118 < 200) — last page reached
2026-06-08T01:09:59  INFO      api_client — [OrdersAPI › orders] Page 3 fetched 73 records in 0.01s
2026-06-08T01:09:59  INFO      reconciler — ✅ CLEAN [CustomerAPI › customer_addresses] pages=3 api_records=518 matched=518 field_mismatches=0 missing=0 extra=0 (0.2s)
2026-06-08T01:09:59  INFO      api_client — [CustomerAPI › customers] Page 4 fetched 47 records in 0.00s
2026-06-08T01:09:59  INFO      api_client — [InventoryAPI › warehouses] Page 1 fetched 40 records in 0.02s
2026-06-08T01:09:59  INFO      api_client — [OrdersAPI › orders] Partial page (73 < 100) — last page reached
2026-06-08T01:09:59  INFO      api_client — [InventoryAPI › warehouses] Partial page (40 < 50) — last page reached
2026-06-08T01:09:59  INFO      api_client — [CustomerAPI › customers] Partial page (47 < 100) — last page reached
2026-06-08T01:09:59  INFO      reconciler — ✅ CLEAN [OrdersAPI › orders] pages=3 api_records=273 matched=273 field_mismatches=0 missing=0 extra=0 (0.2s)
2026-06-08T01:09:59  INFO      reconciler — ✅ CLEAN [InventoryAPI › warehouses] pages=1 api_records=40 matched=40 field_mismatches=0 missing=0 extra=0 (0.0s)
2026-06-08T01:09:59  INFO      reconciler — ✅ CLEAN [CustomerAPI › customers] pages=4 api_records=347 matched=347 field_mismatches=0 missing=0 extra=0 (0.2s)
2026-06-08T01:09:59  INFO      reporter — Report directory: reports\reconciliation_20260607T193959Z
2026-06-08T01:09:59  INFO      reporter — All reports written to reports\reconciliation_20260607T193959Z
2026-06-08T01:36:29  INFO      __main__ — Starting reconciliation run
2026-06-08T01:36:29  INFO      __main__ — APIs configured : 3
2026-06-08T01:36:29  INFO      __main__ — ALDS adapter    : rest
2026-06-08T01:36:29  INFO      __main__ — Concurrency     : 5
2026-06-08T01:36:29  INFO      alds_adapter — ALDS adapter: RestALDSAdapter
2026-06-08T01:36:29  INFO      __main__ — Spawned 6 endpoint task(s) (concurrency cap=5)
2026-06-08T01:36:29  INFO      reconciler — ═══ Reconciling [CustomerAPI › customers] ↔ ALDS[raw.customers] ═══
2026-06-08T01:36:29  INFO      api_client — [CustomerAPI › customers] Starting paginated fetch (page_limit=100)
2026-06-08T01:36:29  INFO      reconciler — ═══ Reconciling [CustomerAPI › customer_addresses] ↔ ALDS[raw.customer_addresses] ═══
2026-06-08T01:36:29  INFO      api_client — [CustomerAPI › customer_addresses] Starting paginated fetch (page_limit=200)
2026-06-08T01:36:29  INFO      reconciler — ═══ Reconciling [OrdersAPI › orders] ↔ ALDS[raw.orders] ═══
2026-06-08T01:36:29  INFO      api_client — [OrdersAPI › orders] Starting paginated fetch (page_limit=100)
2026-06-08T01:36:29  INFO      reconciler — ═══ Reconciling [OrdersAPI › order_items] ↔ ALDS[raw.order_items] ═══
2026-06-08T01:36:29  INFO      api_client — [OrdersAPI › order_items] Starting paginated fetch (page_limit=500)
2026-06-08T01:36:29  INFO      reconciler — ═══ Reconciling [InventoryAPI › products] ↔ ALDS[raw.products] ═══
2026-06-08T01:36:29  INFO      api_client — [InventoryAPI › products] Starting paginated fetch (page_limit=100)
2026-06-08T01:36:29  INFO      api_client — [CustomerAPI › customers] Page 1 fetched 100 records in 0.01s
2026-06-08T01:36:29  INFO      api_client — [CustomerAPI › customer_addresses] Page 1 fetched 200 records in 0.02s
2026-06-08T01:36:29  INFO      api_client — [OrdersAPI › orders] Page 1 fetched 100 records in 0.04s
2026-06-08T01:36:29  INFO      api_client — [OrdersAPI › order_items] Page 1 fetched 500 records in 0.06s
2026-06-08T01:36:29  INFO      api_client — [InventoryAPI › products] Page 1 fetched 100 records in 0.08s
2026-06-08T01:36:29  INFO      api_client — [OrdersAPI › order_items] Page 2 fetched 399 records in 0.01s
2026-06-08T01:36:29  INFO      api_client — [InventoryAPI › products] Page 2 fetched 79 records in 0.01s
2026-06-08T01:36:29  INFO      api_client — [CustomerAPI › customers] Page 2 fetched 100 records in 0.01s
2026-06-08T01:36:29  INFO      api_client — [OrdersAPI › order_items] Partial page (399 < 500) — last page reached
2026-06-08T01:36:29  INFO      api_client — [CustomerAPI › customer_addresses] Page 2 fetched 200 records in 0.02s
2026-06-08T01:36:29  INFO      api_client — [OrdersAPI › orders] Page 2 fetched 100 records in 0.02s
2026-06-08T01:36:29  INFO      api_client — [InventoryAPI › products] Partial page (79 < 100) — last page reached
2026-06-08T01:36:29  INFO      reconciler — ✅ CLEAN [OrdersAPI › order_items] pages=2 api_records=899 matched=899 field_mismatches=0 missing=0 extra=0 (0.2s)
2026-06-08T01:36:29  INFO      reconciler — ═══ Reconciling [InventoryAPI › warehouses] ↔ ALDS[raw.warehouses] ═══
2026-06-08T01:36:29  INFO      api_client — [InventoryAPI › warehouses] Starting paginated fetch (page_limit=50)
2026-06-08T01:36:29  INFO      api_client — [CustomerAPI › customers] Page 3 fetched 100 records in 0.01s
2026-06-08T01:36:29  INFO      reconciler — ✅ CLEAN [InventoryAPI › products] pages=2 api_records=179 matched=179 field_mismatches=0 missing=0 extra=0 (0.2s)
2026-06-08T01:36:29  INFO      api_client — [CustomerAPI › customer_addresses] Page 3 fetched 118 records in 0.01s
2026-06-08T01:36:29  INFO      api_client — [OrdersAPI › orders] Page 3 fetched 73 records in 0.00s
2026-06-08T01:36:29  INFO      api_client — [InventoryAPI › warehouses] Page 1 fetched 40 records in 0.03s
2026-06-08T01:36:29  INFO      api_client — [CustomerAPI › customers] Page 4 fetched 47 records in 0.00s
2026-06-08T01:36:29  INFO      api_client — [CustomerAPI › customer_addresses] Partial page (118 < 200) — last page reached
2026-06-08T01:36:29  INFO      api_client — [OrdersAPI › orders] Partial page (73 < 100) — last page reached
2026-06-08T01:36:29  INFO      api_client — [InventoryAPI › warehouses] Partial page (40 < 50) — last page reached
2026-06-08T01:36:29  INFO      reconciler — ✅ CLEAN [CustomerAPI › customer_addresses] pages=3 api_records=518 matched=518 field_mismatches=0 missing=0 extra=0 (0.2s)
2026-06-08T01:36:29  INFO      reconciler — ✅ CLEAN [OrdersAPI › orders] pages=3 api_records=273 matched=273 field_mismatches=0 missing=0 extra=0 (0.2s)
2026-06-08T01:36:29  INFO      api_client — [CustomerAPI › customers] Partial page (47 < 100) — last page reached
2026-06-08T01:36:29  INFO      reconciler — ✅ CLEAN [InventoryAPI › warehouses] pages=1 api_records=40 matched=40 field_mismatches=0 missing=0 extra=0 (0.1s)
2026-06-08T01:36:29  INFO      reconciler — ✅ CLEAN [CustomerAPI › customers] pages=4 api_records=347 matched=347 field_mismatches=0 missing=0 extra=0 (0.2s)
2026-06-08T01:36:29  INFO      reporter — Report directory: reports\reconciliation_20260607T200629Z
2026-06-08T01:36:29  INFO      reporter — All reports written to reports\reconciliation_20260607T200629Z
2026-06-08T01:47:36  INFO      __main__ — Starting reconciliation run
2026-06-08T01:47:36  INFO      __main__ — APIs configured : 3
2026-06-08T01:47:36  INFO      __main__ — ALDS adapter    : rest
2026-06-08T01:47:36  INFO      __main__ — Concurrency     : 5
2026-06-08T01:47:36  INFO      alds_adapter — ALDS adapter: RestALDSAdapter
2026-06-08T01:47:36  INFO      __main__ — Spawned 6 endpoint task(s) (concurrency cap=5)
2026-06-08T01:47:36  INFO      reconciler — ═══ Reconciling [CustomerAPI › customers] ↔ ALDS[raw.customers] ═══
2026-06-08T01:47:36  INFO      api_client — [CustomerAPI › customers] Starting paginated fetch (page_limit=100)
2026-06-08T01:47:36  INFO      reconciler — ═══ Reconciling [CustomerAPI › customer_addresses] ↔ ALDS[raw.customer_addresses] ═══
2026-06-08T01:47:36  INFO      api_client — [CustomerAPI › customer_addresses] Starting paginated fetch (page_limit=200)
2026-06-08T01:47:36  INFO      reconciler — ═══ Reconciling [OrdersAPI › orders] ↔ ALDS[raw.orders] ═══
2026-06-08T01:47:36  INFO      api_client — [OrdersAPI › orders] Starting paginated fetch (page_limit=100)
2026-06-08T01:47:36  INFO      reconciler — ═══ Reconciling [OrdersAPI › order_items] ↔ ALDS[raw.order_items] ═══
2026-06-08T01:47:36  INFO      api_client — [OrdersAPI › order_items] Starting paginated fetch (page_limit=500)
2026-06-08T01:47:36  INFO      reconciler — ═══ Reconciling [InventoryAPI › products] ↔ ALDS[raw.products] ═══
2026-06-08T01:47:36  INFO      api_client — [InventoryAPI › products] Starting paginated fetch (page_limit=100)
2026-06-08T01:47:36  INFO      api_client — [CustomerAPI › customers] Page 1 fetched 100 records in 0.02s
2026-06-08T01:47:36  INFO      api_client — [CustomerAPI › customer_addresses] Page 1 fetched 200 records in 0.03s
2026-06-08T01:47:36  INFO      api_client — [OrdersAPI › orders] Page 1 fetched 100 records in 0.05s
2026-06-08T01:47:36  INFO      api_client — [OrdersAPI › order_items] Page 1 fetched 500 records in 0.06s
2026-06-08T01:47:36  INFO      api_client — [InventoryAPI › products] Page 1 fetched 100 records in 0.09s
2026-06-08T01:47:36  INFO      api_client — [CustomerAPI › customer_addresses] Page 2 fetched 200 records in 0.01s
2026-06-08T01:47:36  INFO      api_client — [CustomerAPI › customers] Page 2 fetched 100 records in 0.01s
2026-06-08T01:47:36  INFO      api_client — [InventoryAPI › products] Page 2 fetched 79 records in 0.02s
2026-06-08T01:47:36  INFO      api_client — [OrdersAPI › orders] Page 2 fetched 100 records in 0.02s
2026-06-08T01:47:36  INFO      api_client — [OrdersAPI › order_items] Page 2 fetched 399 records in 0.01s
2026-06-08T01:47:36  INFO      api_client — [CustomerAPI › customer_addresses] Page 3 fetched 118 records in 0.01s
2026-06-08T01:47:36  INFO      api_client — [InventoryAPI › products] Partial page (79 < 100) — last page reached
2026-06-08T01:47:36  INFO      api_client — [CustomerAPI › customers] Page 3 fetched 100 records in 0.01s
2026-06-08T01:47:36  INFO      api_client — [OrdersAPI › order_items] Partial page (399 < 500) — last page reached
2026-06-08T01:47:36  INFO      api_client — [CustomerAPI › customer_addresses] Partial page (118 < 200) — last page reached
2026-06-08T01:47:36  INFO      api_client — [OrdersAPI › orders] Page 3 fetched 73 records in 0.02s
2026-06-08T01:47:36  INFO      reconciler — ✅ CLEAN [InventoryAPI › products] pages=2 api_records=179 matched=179 field_mismatches=0 missing=0 extra=0 (0.2s)
2026-06-08T01:47:36  INFO      reconciler — ═══ Reconciling [InventoryAPI › warehouses] ↔ ALDS[raw.warehouses] ═══
2026-06-08T01:47:36  INFO      api_client — [InventoryAPI › warehouses] Starting paginated fetch (page_limit=50)
2026-06-08T01:47:36  INFO      reconciler — ✅ CLEAN [OrdersAPI › order_items] pages=2 api_records=899 matched=899 field_mismatches=0 missing=0 extra=0 (0.2s)
2026-06-08T01:47:36  INFO      api_client — [OrdersAPI › orders] Partial page (73 < 100) — last page reached
2026-06-08T01:47:36  INFO      reconciler — ✅ CLEAN [CustomerAPI › customer_addresses] pages=3 api_records=518 matched=518 field_mismatches=0 missing=0 extra=0 (0.2s)
2026-06-08T01:47:36  INFO      api_client — [CustomerAPI › customers] Page 4 fetched 47 records in 0.01s
2026-06-08T01:47:36  INFO      reconciler — ✅ CLEAN [OrdersAPI › orders] pages=3 api_records=273 matched=273 field_mismatches=0 missing=0 extra=0 (0.2s)
2026-06-08T01:47:36  INFO      api_client — [InventoryAPI › warehouses] Page 1 fetched 40 records in 0.01s
2026-06-08T01:47:36  INFO      api_client — [CustomerAPI › customers] Partial page (47 < 100) — last page reached
2026-06-08T01:47:36  INFO      reconciler — ✅ CLEAN [CustomerAPI › customers] pages=4 api_records=347 matched=347 field_mismatches=0 missing=0 extra=0 (0.2s)
2026-06-08T01:47:36  INFO      api_client — [InventoryAPI › warehouses] Partial page (40 < 50) — last page reached
2026-06-08T01:47:36  INFO      reconciler — ✅ CLEAN [InventoryAPI › warehouses] pages=1 api_records=40 matched=40 field_mismatches=0 missing=0 extra=0 (0.0s)
2026-06-08T01:47:36  INFO      reporter — Report directory: reports\reconciliation_20260607T201736Z
2026-06-08T01:47:36  INFO      reporter — All reports written to reports\reconciliation_20260607T201736Z
